// Vitest Snapshot v1, https://vitest.dev/guide/snapshot.html

exports[`App > renders poker loading message 1`] = `
<DocumentFragment>
  <div
    class="App"
  >
    <header
      class="App-header"
    >
      <div
        class="poker-root"
      >
        <div
          class="poker-wait"
        >
          <p>
            Open another tab here so two players connect.
          </p>
          <p
            class="poker-note"
          >
            Connecting…
          </p>
        </div>
      </div>
    </header>
  </div>
</DocumentFragment>
`;
